// Jest Snapshot v1, https://goo.gl/fbAQLP

exports[`App will match snapshot 1`] = `
<div
  className="app"
>
  <header
    className="app__header"
  >
    <img
      alt="logo"
      className="app__logo"
      src="logo.svg"
    />
    <p>
      Edit 
      <code>
        src/App.js
      </code>
       and save to reload.
    </p>
    <a
      className="app__link"
      href="https://reactjs.org"
      rel="noopener noreferrer"
      target="_blank"
    >
      Learn React
    </a>
  </header>
</div>
`;
